// Jest Snapshot v1, https://goo.gl/fbAQLP

exports[`Pruebas en Footer Debe de mostrar <Footer /> correctamente 1`] = `
<div
  className="footer"
>
  <p>
    Breaking Bad with React - Anartz Mugika Ledo -
      
    2022
     
     /   label 
    <button
      className="langs-link en active"
      data-testid="en-trans"
      onClick={[Function]}
    >
      english
    </button>
     
    <button
      className="langs-link es "
      data-testid="es-trans"
      onClick={[Function]}
    >
      spanish
    </button>
     
    <button
      className="langs-link eu "
      data-testid="eu-trans"
      onClick={[Function]}
    >
      basque
    </button>
  </p>
</div>
`;
