// Jest Snapshot v1, https://goo.gl/fbAQLP

exports[`Pruebas en Layout Debe de mostrar <Layout /> correctamente 1`] = `
<Fragment>
  <Header />
  <div
    className="container-md"
  >
    <Routes>
      <Route
        element={<Home />}
        path="/breaking-bad-app"
      />
      <Route
        element={<AllCharacters />}
        path="/breaking-bad-app/all-characters"
      />
      <Route
        element={<Episodes />}
        path="/breaking-bad-app/episodes"
      />
      <Route
        element={<Details />}
        path="/breaking-bad-app/details/:id"
      />
      <Route
        element={<PrincipalCharsVotes />}
        path="/breaking-bad-app/votes"
      />
    </Routes>
  </div>
  <Footer />
</Fragment>
`;
